../Middlewares/Third_Party/LoRaWAN/Mac/LoRaMac.c:946:13:OnRadioTxDone	24	static
../Middlewares/Third_Party/LoRaWAN/Mac/LoRaMac.c:957:13:OnRadioRxDone	24	static
../Middlewares/Third_Party/LoRaWAN/Mac/LoRaMac.c:974:13:OnRadioTxTimeout	8	static
../Middlewares/Third_Party/LoRaWAN/Mac/LoRaMac.c:982:13:OnRadioRxError	8	static
../Middlewares/Third_Party/LoRaWAN/Mac/LoRaMac.c:989:13:OnRadioRxTimeout	8	static
../Middlewares/Third_Party/LoRaWAN/Mac/LoRaMac.c:997:13:UpdateRxSlotIdleState	4	static
../Middlewares/Third_Party/LoRaWAN/Mac/LoRaMac.c:1009:13:ProcessRadioTxDone	80	static,ignoring_inline_asm
../Middlewares/Third_Party/LoRaWAN/Mac/LoRaMac.c:1094:13:PrepareRxDoneAbort	8	static
../Middlewares/Third_Party/LoRaWAN/Mac/LoRaMac.c:1113:13:ProcessRadioRxDone	184	static
../Middlewares/Third_Party/LoRaWAN/Mac/LoRaMac.c:1817:13:ProcessRadioTxTimeout	8	static
../Middlewares/Third_Party/LoRaWAN/Mac/LoRaMac.c:1838:13:HandleRadioRxErrorTimeout	24	static
../Middlewares/Third_Party/LoRaWAN/Mac/LoRaMac.c:1907:13:ProcessRadioRxError	8	static
../Middlewares/Third_Party/LoRaWAN/Mac/LoRaMac.c:1912:13:ProcessRadioRxTimeout	8	static
../Middlewares/Third_Party/LoRaWAN/Mac/LoRaMac.c:1917:13:LoRaMacHandleIrqEvents	24	static,ignoring_inline_asm
../Middlewares/Third_Party/LoRaWAN/Mac/LoRaMac.c:1951:6:LoRaMacIsBusy	4	static
../Middlewares/Third_Party/LoRaWAN/Mac/LoRaMac.c:1973:6:LoRaMacIsStopped	4	static
../Middlewares/Third_Party/LoRaWAN/Mac/LoRaMac.c:1982:13:LoRaMacEnableRequests	16	static
../Middlewares/Third_Party/LoRaWAN/Mac/LoRaMac.c:1987:13:LoRaMacHandleRequestEvents	16	static
../Middlewares/Third_Party/LoRaWAN/Mac/LoRaMac.c:2031:13:LoRaMacHandleIndicationEvents	8	static
../Middlewares/Third_Party/LoRaWAN/Mac/LoRaMac.c:2087:13:LoRaMacHandleMcpsRequest	16	static
../Middlewares/Third_Party/LoRaWAN/Mac/LoRaMac.c:2156:13:LoRaMacHandleMlmeRequest	8	static
../Middlewares/Third_Party/LoRaWAN/Mac/LoRaMac.c:2193:16:LoRaMacCheckForBeaconAcquisition	8	static
../Middlewares/Third_Party/LoRaWAN/Mac/LoRaMac.c:2220:13:LoRaMacCheckForRxAbort	4	static
../Middlewares/Third_Party/LoRaWAN/Mac/LoRaMac.c:2230:13:LoRaMacHandleNvm	24	static
../Middlewares/Third_Party/LoRaWAN/Mac/LoRaMac.c:2321:6:LoRaMacProcess	16	static
../Middlewares/Third_Party/LoRaWAN/Mac/LoRaMac.c:2365:13:OnTxDelayedTimerEvent	16	static
../Middlewares/Third_Party/LoRaWAN/Mac/LoRaMac.c:2403:13:OnRxWindow1TimerEvent	16	static
../Middlewares/Third_Party/LoRaWAN/Mac/LoRaMac.c:2418:13:OnRxWindow2TimerEvent	16	static
../Middlewares/Third_Party/LoRaWAN/Mac/LoRaMac.c:2439:13:OnAckTimeoutTimerEvent	16	static
../Middlewares/Third_Party/LoRaWAN/Mac/LoRaMac.c:2454:30:GetFCntDown	24	static
../Middlewares/Third_Party/LoRaWAN/Mac/LoRaMac.c:2578:24:SwitchClass	32	static
../Middlewares/Third_Party/LoRaWAN/Mac/LoRaMac.c:2684:16:GetMaxAppPayloadWithoutFOptsLength	32	static
../Middlewares/Third_Party/LoRaWAN/Mac/LoRaMac.c:2704:13:ValidatePayloadLength	24	static
../Middlewares/Third_Party/LoRaWAN/Mac/LoRaMac.c:2722:13:ProcessMacCommands	160	static
../Middlewares/Third_Party/LoRaWAN/Mac/LoRaMac.c:3283:24:Send	64	static
../Middlewares/Third_Party/LoRaWAN/Mac/LoRaMac.c:3375:24:SendReJoinReq	24	static
../Middlewares/Third_Party/LoRaWAN/Mac/LoRaMac.c:3472:24:CheckForClassBCollision	8	static
../Middlewares/Third_Party/LoRaWAN/Mac/LoRaMac.c:3493:13:ComputeRxWindowParameters	24	static
../Middlewares/Third_Party/LoRaWAN/Mac/LoRaMac.c:3522:24:VerifyTxFrame	16	static
../Middlewares/Third_Party/LoRaWAN/Mac/LoRaMac.c:3541:24:SerializeTxFrame	16	static
../Middlewares/Third_Party/LoRaWAN/Mac/LoRaMac.c:3589:24:ScheduleTx	72	static
../Middlewares/Third_Party/LoRaWAN/Mac/LoRaMac.c:3669:24:SecureFrame	24	static
../Middlewares/Third_Party/LoRaWAN/Mac/LoRaMac.c:3733:13:CalculateBackOff	4	static
../Middlewares/Third_Party/LoRaWAN/Mac/LoRaMac.c:3745:13:RemoveMacCommands	16	static
../Middlewares/Third_Party/LoRaWAN/Mac/LoRaMac.c:3765:13:ResetMacParameters	80	static
../Middlewares/Third_Party/LoRaWAN/Mac/LoRaMac.c:3896:13:RxWindowSetup	16	static
../Middlewares/Third_Party/LoRaWAN/Mac/LoRaMac.c:3911:13:OpenContinuousRxCWindow	24	static
../Middlewares/Third_Party/LoRaWAN/Mac/LoRaMac.c:3937:24:PrepareFrame	40	static
../Middlewares/Third_Party/LoRaWAN/Mac/LoRaMac.c:4046:24:SendFrameOnChannel	48	static
../Middlewares/Third_Party/LoRaWAN/Mac/LoRaMac.c:4119:24:SetTxContinuousWave	32	static
../Middlewares/Third_Party/LoRaWAN/Mac/LoRaMac.c:4137:24:SetTxContinuousWave1	16	static
../Middlewares/Third_Party/LoRaWAN/Mac/LoRaMac.c:4156:24:RestoreNvmData	16	static
../Middlewares/Third_Party/LoRaWAN/Mac/LoRaMac.c:4241:24:DetermineFrameType	16	static
../Middlewares/Third_Party/LoRaWAN/Mac/LoRaMac.c:4294:13:CheckRetransUnconfirmedUplink	4	static
../Middlewares/Third_Party/LoRaWAN/Mac/LoRaMac.c:4320:13:CheckRetransConfirmedUplink	4	static
../Middlewares/Third_Party/LoRaWAN/Mac/LoRaMac.c:4398:13:StopRetransmission	4	static
../Middlewares/Third_Party/LoRaWAN/Mac/LoRaMac.c:4456:13:OnMacProcessNotify	8	static
../Middlewares/Third_Party/LoRaWAN/Mac/LoRaMac.c:4464:13:CallNvmDataChangeCallback	16	static
../Middlewares/Third_Party/LoRaWAN/Mac/LoRaMac.c:4473:13:AckTimeoutRetriesProcess	24	static
../Middlewares/Third_Party/LoRaWAN/Mac/LoRaMac.c:4492:13:AckTimeoutRetriesFinalize	24	static
../Middlewares/Third_Party/LoRaWAN/Mac/LoRaMac.c:4509:16:IsRequestPending	4	static
../Middlewares/Third_Party/LoRaWAN/Mac/LoRaMac.c:4519:17:LoRaMacInitialization	72	static
../Middlewares/Third_Party/LoRaWAN/Mac/LoRaMac.c:4745:17:LoRaMacStart	8	static
../Middlewares/Third_Party/LoRaWAN/Mac/LoRaMac.c:4752:17:LoRaMacStop	8	static
../Middlewares/Third_Party/LoRaWAN/Mac/LoRaMac.c:4770:17:LoRaMacHalt	8	static
../Middlewares/Third_Party/LoRaWAN/Mac/LoRaMac.c:4802:17:LoRaMacQueryTxPossible	48	static
../Middlewares/Third_Party/LoRaWAN/Mac/LoRaMac.c:4872:17:LoRaMacMibGetRequestConfirm	40	static
../Middlewares/Third_Party/LoRaWAN/Mac/LoRaMac.c:5160:17:LoRaMacMibSetRequestConfirm	32	static
../Middlewares/Third_Party/LoRaWAN/Mac/LoRaMac.c:5953:17:LoRaMacChannelAdd	40	static
../Middlewares/Third_Party/LoRaWAN/Mac/LoRaMac.c:5971:17:LoRaMacChannelRemove	24	static
../Middlewares/Third_Party/LoRaWAN/Mac/LoRaMac.c:5992:17:LoRaMacMcChannelSetup	24	static
../Middlewares/Third_Party/LoRaWAN/Mac/LoRaMac.c:6036:17:LoRaMacMcChannelDelete	64	static
../Middlewares/Third_Party/LoRaWAN/Mac/LoRaMac.c:6059:9:LoRaMacMcChannelGetGroupId	24	static
../Middlewares/Third_Party/LoRaWAN/Mac/LoRaMac.c:6071:17:LoRaMacMcChannelSetupRxParams	32	static
../Middlewares/Third_Party/LoRaWAN/Mac/LoRaMac.c:6174:17:LoRaMacProcessMicForDatablock	40	static
../Middlewares/Third_Party/LoRaWAN/Mac/LoRaMac.c:6187:17:LoRaMacMlmeRequest	32	static
../Middlewares/Third_Party/LoRaWAN/Mac/LoRaMac.c:6443:17:LoRaMacMcpsRequest	56	static
../Middlewares/Third_Party/LoRaWAN/Mac/LoRaMac.c:6740:6:LoRaMacTestSetDutyCycleOn	24	static
../Middlewares/Third_Party/LoRaWAN/Mac/LoRaMac.c:6754:17:LoRaMacDeInitialization	8	static
../Middlewares/Third_Party/LoRaWAN/Mac/LoRaMac.c:6785:6:LoRaMacReset	8	static
