../Middlewares/Third_Party/LoRaWAN/Mac/LoRaMac.c:947:13:OnRadioTxDone	24	static
../Middlewares/Third_Party/LoRaWAN/Mac/LoRaMac.c:958:13:OnRadioRxDone	24	static
../Middlewares/Third_Party/LoRaWAN/Mac/LoRaMac.c:975:13:OnRadioTxTimeout	8	static
../Middlewares/Third_Party/LoRaWAN/Mac/LoRaMac.c:983:13:OnRadioRxError	8	static
../Middlewares/Third_Party/LoRaWAN/Mac/LoRaMac.c:990:13:OnRadioRxTimeout	8	static
../Middlewares/Third_Party/LoRaWAN/Mac/LoRaMac.c:998:13:UpdateRxSlotIdleState	4	static
../Middlewares/Third_Party/LoRaWAN/Mac/LoRaMac.c:1010:13:ProcessRadioTxDone	80	static,ignoring_inline_asm
../Middlewares/Third_Party/LoRaWAN/Mac/LoRaMac.c:1095:13:PrepareRxDoneAbort	8	static
../Middlewares/Third_Party/LoRaWAN/Mac/LoRaMac.c:1114:13:ProcessRadioRxDone	984	static
../Middlewares/Third_Party/LoRaWAN/Mac/LoRaMac.c:1877:13:ProcessRadioTxTimeout	8	static
../Middlewares/Third_Party/LoRaWAN/Mac/LoRaMac.c:1898:13:HandleRadioRxErrorTimeout	24	static
../Middlewares/Third_Party/LoRaWAN/Mac/LoRaMac.c:1967:13:ProcessRadioRxError	8	static
../Middlewares/Third_Party/LoRaWAN/Mac/LoRaMac.c:1972:13:ProcessRadioRxTimeout	8	static
../Middlewares/Third_Party/LoRaWAN/Mac/LoRaMac.c:1977:13:LoRaMacHandleIrqEvents	24	static,ignoring_inline_asm
../Middlewares/Third_Party/LoRaWAN/Mac/LoRaMac.c:2011:6:LoRaMacIsBusy	4	static
../Middlewares/Third_Party/LoRaWAN/Mac/LoRaMac.c:2033:6:LoRaMacIsStopped	4	static
../Middlewares/Third_Party/LoRaWAN/Mac/LoRaMac.c:2042:13:LoRaMacEnableRequests	16	static
../Middlewares/Third_Party/LoRaWAN/Mac/LoRaMac.c:2047:13:LoRaMacHandleRequestEvents	16	static
../Middlewares/Third_Party/LoRaWAN/Mac/LoRaMac.c:2091:13:LoRaMacHandleIndicationEvents	8	static
../Middlewares/Third_Party/LoRaWAN/Mac/LoRaMac.c:2147:13:LoRaMacHandleMcpsRequest	16	static
../Middlewares/Third_Party/LoRaWAN/Mac/LoRaMac.c:2216:13:LoRaMacHandleMlmeRequest	8	static
../Middlewares/Third_Party/LoRaWAN/Mac/LoRaMac.c:2253:16:LoRaMacCheckForBeaconAcquisition	8	static
../Middlewares/Third_Party/LoRaWAN/Mac/LoRaMac.c:2268:13:CheckForMinimumAbpDatarate	16	static
../Middlewares/Third_Party/LoRaWAN/Mac/LoRaMac.c:2280:13:LoRaMacCheckForRxAbort	4	static
../Middlewares/Third_Party/LoRaWAN/Mac/LoRaMac.c:2290:13:LoRaMacHandleNvm	24	static
../Middlewares/Third_Party/LoRaWAN/Mac/LoRaMac.c:2366:13:LoRaMacHandleResponseTimeout	24	static
../Middlewares/Third_Party/LoRaWAN/Mac/LoRaMac.c:2381:6:LoRaMacProcess	16	static
../Middlewares/Third_Party/LoRaWAN/Mac/LoRaMac.c:2425:13:OnTxDelayedTimerEvent	16	static
../Middlewares/Third_Party/LoRaWAN/Mac/LoRaMac.c:2463:13:OnRxWindow1TimerEvent	16	static
../Middlewares/Third_Party/LoRaWAN/Mac/LoRaMac.c:2478:13:OnRxWindow2TimerEvent	16	static
../Middlewares/Third_Party/LoRaWAN/Mac/LoRaMac.c:2570:13:OnRetransmitTimeoutTimerEvent	16	static
../Middlewares/Third_Party/LoRaWAN/Mac/LoRaMac.c:2581:30:GetFCntDown	24	static
../Middlewares/Third_Party/LoRaWAN/Mac/LoRaMac.c:2638:24:SwitchClass	32	static
../Middlewares/Third_Party/LoRaWAN/Mac/LoRaMac.c:2744:16:GetMaxAppPayloadWithoutFOptsLength	32	static
../Middlewares/Third_Party/LoRaWAN/Mac/LoRaMac.c:2764:13:ValidatePayloadLength	24	static
../Middlewares/Third_Party/LoRaWAN/Mac/LoRaMac.c:2782:13:ProcessMacCommands	968	static
../Middlewares/Third_Party/LoRaWAN/Mac/LoRaMac.c:3428:24:Send	64	static
../Middlewares/Third_Party/LoRaWAN/Mac/LoRaMac.c:3520:24:SendReJoinReq	24	static
../Middlewares/Third_Party/LoRaWAN/Mac/LoRaMac.c:3617:24:CheckForClassBCollision	8	static
../Middlewares/Third_Party/LoRaWAN/Mac/LoRaMac.c:3638:13:ComputeRxWindowParameters	24	static
../Middlewares/Third_Party/LoRaWAN/Mac/LoRaMac.c:3667:24:VerifyTxFrame	16	static
../Middlewares/Third_Party/LoRaWAN/Mac/LoRaMac.c:3686:24:SerializeTxFrame	16	static
../Middlewares/Third_Party/LoRaWAN/Mac/LoRaMac.c:3734:24:ScheduleTx	72	static
../Middlewares/Third_Party/LoRaWAN/Mac/LoRaMac.c:3814:24:SecureFrame	24	static
../Middlewares/Third_Party/LoRaWAN/Mac/LoRaMac.c:3878:13:CalculateBackOff	4	static
../Middlewares/Third_Party/LoRaWAN/Mac/LoRaMac.c:3890:13:RemoveMacCommands	16	static
../Middlewares/Third_Party/LoRaWAN/Mac/LoRaMac.c:3910:13:ResetMacParameters	88	static
../Middlewares/Third_Party/LoRaWAN/Mac/LoRaMac.c:4041:13:RxWindowSetup	16	static
../Middlewares/Third_Party/LoRaWAN/Mac/LoRaMac.c:4056:13:OpenContinuousRxCWindow	24	static
../Middlewares/Third_Party/LoRaWAN/Mac/LoRaMac.c:4082:24:PrepareFrame	40	static
../Middlewares/Third_Party/LoRaWAN/Mac/LoRaMac.c:4191:24:SendFrameOnChannel	632	static
../Middlewares/Third_Party/LoRaWAN/Mac/LoRaMac.c:4363:24:SetTxContinuousWave	16	static
../Middlewares/Third_Party/LoRaWAN/Mac/LoRaMac.c:4373:24:RestoreNvmData	16	static
../Middlewares/Third_Party/LoRaWAN/Mac/LoRaMac.c:4504:24:DetermineFrameType	16	static
../Middlewares/Third_Party/LoRaWAN/Mac/LoRaMac.c:4601:13:CheckRetrans	16	static
../Middlewares/Third_Party/LoRaWAN/Mac/LoRaMac.c:4610:13:CheckRetransUnconfirmedUplink	8	static
../Middlewares/Third_Party/LoRaWAN/Mac/LoRaMac.c:4632:13:CheckRetransConfirmedUplink	8	static
../Middlewares/Third_Party/LoRaWAN/Mac/LoRaMac.c:4651:17:IncreaseAdrAckCounter	16	static
../Middlewares/Third_Party/LoRaWAN/Mac/LoRaMac.c:4661:13:StopRetransmission	8	static
../Middlewares/Third_Party/LoRaWAN/Mac/LoRaMac.c:4719:13:OnMacProcessNotify	8	static
../Middlewares/Third_Party/LoRaWAN/Mac/LoRaMac.c:4727:13:CallNvmDataChangeCallback	16	static
../Middlewares/Third_Party/LoRaWAN/Mac/LoRaMac.c:4772:16:IsRequestPending	4	static
../Middlewares/Third_Party/LoRaWAN/Mac/LoRaMac.c:4782:17:LoRaMacInitialization	80	static
../Middlewares/Third_Party/LoRaWAN/Mac/LoRaMac.c:5008:17:LoRaMacStart	8	static
../Middlewares/Third_Party/LoRaWAN/Mac/LoRaMac.c:5015:17:LoRaMacStop	8	static
../Middlewares/Third_Party/LoRaWAN/Mac/LoRaMac.c:5033:17:LoRaMacHalt	8	static
../Middlewares/Third_Party/LoRaWAN/Mac/LoRaMac.c:5065:17:LoRaMacQueryTxPossible	64	static
../Middlewares/Third_Party/LoRaWAN/Mac/LoRaMac.c:5135:17:LoRaMacMibGetRequestConfirm	40	static
../Middlewares/Third_Party/LoRaWAN/Mac/LoRaMac.c:5423:17:LoRaMacMibSetRequestConfirm	32	static
../Middlewares/Third_Party/LoRaWAN/Mac/LoRaMac.c:6216:17:LoRaMacChannelAdd	40	static
../Middlewares/Third_Party/LoRaWAN/Mac/LoRaMac.c:6234:17:LoRaMacChannelRemove	24	static
../Middlewares/Third_Party/LoRaWAN/Mac/LoRaMac.c:6255:17:LoRaMacMcChannelSetup	24	static
../Middlewares/Third_Party/LoRaWAN/Mac/LoRaMac.c:6299:17:LoRaMacMcChannelDelete	64	static
../Middlewares/Third_Party/LoRaWAN/Mac/LoRaMac.c:6322:9:LoRaMacMcChannelGetGroupId	24	static
../Middlewares/Third_Party/LoRaWAN/Mac/LoRaMac.c:6334:17:LoRaMacMcChannelSetupRxParams	32	static
../Middlewares/Third_Party/LoRaWAN/Mac/LoRaMac.c:6409:13:OnAbpJoinPendingTimerEvent	16	static
../Middlewares/Third_Party/LoRaWAN/Mac/LoRaMac.c:6419:13:AbpJoinPendingStart	16	static
../Middlewares/Third_Party/LoRaWAN/Mac/LoRaMac.c:6437:17:LoRaMacProcessMicForDatablock	40	static
../Middlewares/Third_Party/LoRaWAN/Mac/LoRaMac.c:6450:17:LoRaMacMlmeRequest	48	static
../Middlewares/Third_Party/LoRaWAN/Mac/LoRaMac.c:6706:17:LoRaMacMcpsRequest	88	static
../Middlewares/Third_Party/LoRaWAN/Mac/LoRaMac.c:7003:6:LoRaMacTestSetDutyCycleOn	24	static
../Middlewares/Third_Party/LoRaWAN/Mac/LoRaMac.c:7017:17:LoRaMacDeInitialization	8	static
../Middlewares/Third_Party/LoRaWAN/Mac/LoRaMac.c:7048:6:LoRaMacReset	8	static
