../Drivers/CMSIS/Include/core_cm4.h:1933:34:__NVIC_SystemReset	4	static,ignoring_inline_asm
../LoRaWAN/App/lora_app.c:351:6:LoRaWAN_Init	32	static
../LoRaWAN/App/lora_app.c:441:6:HAL_GPIO_EXTI_Callback	16	static
../LoRaWAN/App/lora_app.c:476:13:OnRxData	56	static
../LoRaWAN/App/lora_app.c:557:13:SendTxData	80	static
../LoRaWAN/App/lora_app.c:666:13:OnTxTimerEvent	16	static
../LoRaWAN/App/lora_app.c:681:13:OnTxTimerLedEvent	16	static
../LoRaWAN/App/lora_app.c:688:13:OnRxTimerLedEvent	16	static
../LoRaWAN/App/lora_app.c:695:13:OnJoinTimerLedEvent	16	static
../LoRaWAN/App/lora_app.c:704:13:OnTxData	32	static
../LoRaWAN/App/lora_app.c:735:13:OnJoinRequest	16	static
../LoRaWAN/App/lora_app.c:773:13:OnBeaconStatusChange	96	static
../LoRaWAN/App/lora_app.c:808:13:OnSysTimeUpdate	4	static
../LoRaWAN/App/lora_app.c:815:13:OnClassChange	24	static
../LoRaWAN/App/lora_app.c:822:13:OnMacProcessNotify	8	static
../LoRaWAN/App/lora_app.c:834:13:OnTxPeriodicityChanged	16	static
../LoRaWAN/App/lora_app.c:856:13:OnTxFrameCtrlChanged	16	static
../LoRaWAN/App/lora_app.c:867:13:OnPingSlotPeriodicityChanged	16	static
../LoRaWAN/App/lora_app.c:878:13:OnSystemReset	8	static
../LoRaWAN/App/lora_app.c:892:13:StopJoin	8	static
../LoRaWAN/App/lora_app.c:932:13:OnStopJoinTimerEvent	16	static
../LoRaWAN/App/lora_app.c:950:13:StoreContext	16	static
../LoRaWAN/App/lora_app.c:972:13:OnNvmDataChange	16	static
../LoRaWAN/App/lora_app.c:990:13:OnStoreContextRequest	16	static
../LoRaWAN/App/lora_app.c:1005:13:OnRestoreContextRequest	16	static
