../Drivers/CMSIS/Include/core_cm4.h:1933:34:__NVIC_SystemReset	4	static,ignoring_inline_asm
../LoRaWAN/App/lora_app.c:408:6:LoRaWAN_Init	32	static
../LoRaWAN/App/lora_app.c:498:6:HAL_GPIO_EXTI_Callback	40	static
../LoRaWAN/App/lora_app.c:534:13:OnRxData	56	static
../LoRaWAN/App/lora_app.c:615:13:SendTxData	72	static
../LoRaWAN/App/lora_app.c:845:13:OnTxTimerEvent	16	static
../LoRaWAN/App/lora_app.c:860:13:OnTxTimerLedEvent	16	static
../LoRaWAN/App/lora_app.c:867:13:OnRxTimerLedEvent	16	static
../LoRaWAN/App/lora_app.c:874:13:OnJoinTimerLedEvent	16	static
../LoRaWAN/App/lora_app.c:883:13:OnTxData	32	static
../LoRaWAN/App/lora_app.c:914:13:OnJoinRequest	16	static
../LoRaWAN/App/lora_app.c:952:13:OnBeaconStatusChange	96	static
../LoRaWAN/App/lora_app.c:987:13:OnSysTimeUpdate	4	static
../LoRaWAN/App/lora_app.c:994:13:OnClassChange	24	static
../LoRaWAN/App/lora_app.c:1001:13:OnMacProcessNotify	8	static
../LoRaWAN/App/lora_app.c:1013:13:OnTxPeriodicityChanged	16	static
../LoRaWAN/App/lora_app.c:1035:13:OnTxFrameCtrlChanged	16	static
../LoRaWAN/App/lora_app.c:1046:13:OnPingSlotPeriodicityChanged	16	static
../LoRaWAN/App/lora_app.c:1057:13:OnSystemReset	8	static
../LoRaWAN/App/lora_app.c:1071:13:StopJoin	8	static
../LoRaWAN/App/lora_app.c:1111:13:OnStopJoinTimerEvent	16	static
../LoRaWAN/App/lora_app.c:1129:13:StoreContext	16	static
../LoRaWAN/App/lora_app.c:1151:13:OnNvmDataChange	16	static
../LoRaWAN/App/lora_app.c:1169:13:OnStoreContextRequest	16	static
../LoRaWAN/App/lora_app.c:1181:13:OnRestoreContextRequest	16	static
