../Drivers/CMSIS/Include/core_cm4.h:1933:34:__NVIC_SystemReset	4	static,ignoring_inline_asm
../LoRaWAN/App/lora_app.c:361:6:LoRaWAN_NotifyMeterDataReady	16	static
../LoRaWAN/App/lora_app.c:389:6:LoRaWAN_Init	32	static
../LoRaWAN/App/lora_app.c:480:6:HAL_GPIO_EXTI_Callback	40	static
../LoRaWAN/App/lora_app.c:513:13:StartMeterReading	8	static
../LoRaWAN/App/lora_app.c:526:13:OnMeterTimeoutTimerEvent	24	static
../LoRaWAN/App/lora_app.c:549:13:OnRxData	56	static
../LoRaWAN/App/lora_app.c:630:13:SendTxData	72	static
../LoRaWAN/App/lora_app.c:893:13:OnTxTimerEvent	16	static
../LoRaWAN/App/lora_app.c:908:13:OnTxTimerLedEvent	16	static
../LoRaWAN/App/lora_app.c:915:13:OnRxTimerLedEvent	16	static
../LoRaWAN/App/lora_app.c:922:13:OnJoinTimerLedEvent	16	static
../LoRaWAN/App/lora_app.c:931:13:OnTxData	32	static
../LoRaWAN/App/lora_app.c:962:13:OnJoinRequest	16	static
../LoRaWAN/App/lora_app.c:1000:13:OnBeaconStatusChange	96	static
../LoRaWAN/App/lora_app.c:1035:13:OnSysTimeUpdate	4	static
../LoRaWAN/App/lora_app.c:1042:13:OnClassChange	24	static
../LoRaWAN/App/lora_app.c:1049:13:OnMacProcessNotify	8	static
../LoRaWAN/App/lora_app.c:1061:13:OnTxPeriodicityChanged	16	static
../LoRaWAN/App/lora_app.c:1083:13:OnTxFrameCtrlChanged	16	static
../LoRaWAN/App/lora_app.c:1094:13:OnPingSlotPeriodicityChanged	16	static
../LoRaWAN/App/lora_app.c:1105:13:OnSystemReset	8	static
../LoRaWAN/App/lora_app.c:1119:13:StopJoin	8	static
../LoRaWAN/App/lora_app.c:1159:13:OnStopJoinTimerEvent	16	static
../LoRaWAN/App/lora_app.c:1177:13:StoreContext	16	static
../LoRaWAN/App/lora_app.c:1199:13:OnNvmDataChange	16	static
../LoRaWAN/App/lora_app.c:1217:13:OnStoreContextRequest	16	static
../LoRaWAN/App/lora_app.c:1229:13:OnRestoreContextRequest	16	static
