../Drivers/CMSIS/Include/core_cm4.h:1933:34:__NVIC_SystemReset	4	static,ignoring_inline_asm
../LoRaWAN/App/lora_app.c:362:6:LoRaWAN_NotifyMeterDataReady	8	static
../LoRaWAN/App/lora_app.c:371:6:LoRaWAN_Init	32	static
../LoRaWAN/App/lora_app.c:462:6:HAL_GPIO_EXTI_Callback	40	static
../LoRaWAN/App/lora_app.c:495:13:StartMeterReading	8	static
../LoRaWAN/App/lora_app.c:508:13:OnMeterTimeoutTimerEvent	24	static
../LoRaWAN/App/lora_app.c:526:13:OnRxData	56	static
../LoRaWAN/App/lora_app.c:607:13:SendTxData	72	static
../LoRaWAN/App/lora_app.c:870:13:OnTxTimerEvent	16	static
../LoRaWAN/App/lora_app.c:885:13:OnTxTimerLedEvent	16	static
../LoRaWAN/App/lora_app.c:892:13:OnRxTimerLedEvent	16	static
../LoRaWAN/App/lora_app.c:899:13:OnJoinTimerLedEvent	16	static
../LoRaWAN/App/lora_app.c:908:13:OnTxData	32	static
../LoRaWAN/App/lora_app.c:939:13:OnJoinRequest	16	static
../LoRaWAN/App/lora_app.c:977:13:OnBeaconStatusChange	96	static
../LoRaWAN/App/lora_app.c:1012:13:OnSysTimeUpdate	4	static
../LoRaWAN/App/lora_app.c:1019:13:OnClassChange	24	static
../LoRaWAN/App/lora_app.c:1026:13:OnMacProcessNotify	8	static
../LoRaWAN/App/lora_app.c:1038:13:OnTxPeriodicityChanged	16	static
../LoRaWAN/App/lora_app.c:1060:13:OnTxFrameCtrlChanged	16	static
../LoRaWAN/App/lora_app.c:1071:13:OnPingSlotPeriodicityChanged	16	static
../LoRaWAN/App/lora_app.c:1082:13:OnSystemReset	8	static
../LoRaWAN/App/lora_app.c:1096:13:StopJoin	8	static
../LoRaWAN/App/lora_app.c:1136:13:OnStopJoinTimerEvent	16	static
../LoRaWAN/App/lora_app.c:1154:13:StoreContext	16	static
../LoRaWAN/App/lora_app.c:1176:13:OnNvmDataChange	16	static
../LoRaWAN/App/lora_app.c:1194:13:OnStoreContextRequest	16	static
../LoRaWAN/App/lora_app.c:1206:13:OnRestoreContextRequest	16	static
