../Drivers/CMSIS/Include/core_cm4.h:1933:34:__NVIC_SystemReset	4	static,ignoring_inline_asm
../LoRaWAN/App/lora_app.c:410:6:LoRaWAN_Init	32	static
../LoRaWAN/App/lora_app.c:500:6:HAL_GPIO_EXTI_Callback	40	static
../LoRaWAN/App/lora_app.c:536:13:OnRxData	56	static
../LoRaWAN/App/lora_app.c:617:13:SendTxData	72	static
../LoRaWAN/App/lora_app.c:847:13:OnTxTimerEvent	16	static
../LoRaWAN/App/lora_app.c:862:13:OnTxTimerLedEvent	16	static
../LoRaWAN/App/lora_app.c:869:13:OnRxTimerLedEvent	16	static
../LoRaWAN/App/lora_app.c:876:13:OnJoinTimerLedEvent	16	static
../LoRaWAN/App/lora_app.c:885:13:OnTxData	32	static
../LoRaWAN/App/lora_app.c:916:13:OnJoinRequest	16	static
../LoRaWAN/App/lora_app.c:954:13:OnBeaconStatusChange	96	static
../LoRaWAN/App/lora_app.c:989:13:OnSysTimeUpdate	4	static
../LoRaWAN/App/lora_app.c:996:13:OnClassChange	24	static
../LoRaWAN/App/lora_app.c:1003:13:OnMacProcessNotify	8	static
../LoRaWAN/App/lora_app.c:1015:13:OnTxPeriodicityChanged	16	static
../LoRaWAN/App/lora_app.c:1037:13:OnTxFrameCtrlChanged	16	static
../LoRaWAN/App/lora_app.c:1048:13:OnPingSlotPeriodicityChanged	16	static
../LoRaWAN/App/lora_app.c:1059:13:OnSystemReset	8	static
../LoRaWAN/App/lora_app.c:1073:13:StopJoin	8	static
../LoRaWAN/App/lora_app.c:1113:13:OnStopJoinTimerEvent	16	static
../LoRaWAN/App/lora_app.c:1131:13:StoreContext	16	static
../LoRaWAN/App/lora_app.c:1153:13:OnNvmDataChange	16	static
../LoRaWAN/App/lora_app.c:1171:13:OnStoreContextRequest	16	static
../LoRaWAN/App/lora_app.c:1183:13:OnRestoreContextRequest	16	static
