../Drivers/CMSIS/Include/core_cm4.h:1933:34:__NVIC_SystemReset	4	static,ignoring_inline_asm
../LoRaWAN/App/lora_app.c:420:6:LoRaWAN_NotifyMeterDataReady	8	static
../LoRaWAN/App/lora_app.c:428:13:StartMeterReading	8	static
../LoRaWAN/App/lora_app.c:441:13:OnMeterTimeoutTimerEvent	24	static
../LoRaWAN/App/lora_app.c:458:6:LoRaWAN_Init	32	static
../LoRaWAN/App/lora_app.c:549:6:HAL_GPIO_EXTI_Callback	40	static
../LoRaWAN/App/lora_app.c:585:13:OnRxData	56	static
../LoRaWAN/App/lora_app.c:666:13:SendTxData	72	static
../LoRaWAN/App/lora_app.c:896:13:OnTxTimerEvent	16	static
../LoRaWAN/App/lora_app.c:911:13:OnTxTimerLedEvent	16	static
../LoRaWAN/App/lora_app.c:918:13:OnRxTimerLedEvent	16	static
../LoRaWAN/App/lora_app.c:925:13:OnJoinTimerLedEvent	16	static
../LoRaWAN/App/lora_app.c:934:13:OnTxData	32	static
../LoRaWAN/App/lora_app.c:965:13:OnJoinRequest	16	static
../LoRaWAN/App/lora_app.c:1003:13:OnBeaconStatusChange	96	static
../LoRaWAN/App/lora_app.c:1038:13:OnSysTimeUpdate	4	static
../LoRaWAN/App/lora_app.c:1045:13:OnClassChange	24	static
../LoRaWAN/App/lora_app.c:1052:13:OnMacProcessNotify	8	static
../LoRaWAN/App/lora_app.c:1064:13:OnTxPeriodicityChanged	16	static
../LoRaWAN/App/lora_app.c:1086:13:OnTxFrameCtrlChanged	16	static
../LoRaWAN/App/lora_app.c:1097:13:OnPingSlotPeriodicityChanged	16	static
../LoRaWAN/App/lora_app.c:1108:13:OnSystemReset	8	static
../LoRaWAN/App/lora_app.c:1122:13:StopJoin	8	static
../LoRaWAN/App/lora_app.c:1162:13:OnStopJoinTimerEvent	16	static
../LoRaWAN/App/lora_app.c:1180:13:StoreContext	16	static
../LoRaWAN/App/lora_app.c:1202:13:OnNvmDataChange	16	static
../LoRaWAN/App/lora_app.c:1220:13:OnStoreContextRequest	16	static
../LoRaWAN/App/lora_app.c:1232:13:OnRestoreContextRequest	16	static
