../Drivers/CMSIS/Include/core_cm4.h:1933:34:__NVIC_SystemReset	4	static,ignoring_inline_asm
../LoRaWAN/App/lora_app.c:359:6:LoRaWAN_NotifyMeterDataReady	8	static
../LoRaWAN/App/lora_app.c:375:6:LoRaWAN_Init	32	static
../LoRaWAN/App/lora_app.c:466:6:HAL_GPIO_EXTI_Callback	40	static
../LoRaWAN/App/lora_app.c:499:13:StartMeterReading	8	static
../LoRaWAN/App/lora_app.c:512:13:OnMeterTimeoutTimerEvent	24	static
../LoRaWAN/App/lora_app.c:530:13:OnRxData	56	static
../LoRaWAN/App/lora_app.c:611:13:SendTxData	72	static
../LoRaWAN/App/lora_app.c:874:13:OnTxTimerEvent	16	static
../LoRaWAN/App/lora_app.c:889:13:OnTxTimerLedEvent	16	static
../LoRaWAN/App/lora_app.c:896:13:OnRxTimerLedEvent	16	static
../LoRaWAN/App/lora_app.c:903:13:OnJoinTimerLedEvent	16	static
../LoRaWAN/App/lora_app.c:912:13:OnTxData	32	static
../LoRaWAN/App/lora_app.c:943:13:OnJoinRequest	16	static
../LoRaWAN/App/lora_app.c:981:13:OnBeaconStatusChange	96	static
../LoRaWAN/App/lora_app.c:1016:13:OnSysTimeUpdate	4	static
../LoRaWAN/App/lora_app.c:1023:13:OnClassChange	24	static
../LoRaWAN/App/lora_app.c:1030:13:OnMacProcessNotify	8	static
../LoRaWAN/App/lora_app.c:1042:13:OnTxPeriodicityChanged	16	static
../LoRaWAN/App/lora_app.c:1064:13:OnTxFrameCtrlChanged	16	static
../LoRaWAN/App/lora_app.c:1075:13:OnPingSlotPeriodicityChanged	16	static
../LoRaWAN/App/lora_app.c:1086:13:OnSystemReset	8	static
../LoRaWAN/App/lora_app.c:1100:13:StopJoin	8	static
../LoRaWAN/App/lora_app.c:1140:13:OnStopJoinTimerEvent	16	static
../LoRaWAN/App/lora_app.c:1158:13:StoreContext	16	static
../LoRaWAN/App/lora_app.c:1180:13:OnNvmDataChange	16	static
../LoRaWAN/App/lora_app.c:1198:13:OnStoreContextRequest	16	static
../LoRaWAN/App/lora_app.c:1210:13:OnRestoreContextRequest	16	static
