../Drivers/CMSIS/Include/core_cm4.h:1933:34:__NVIC_SystemReset	4	static,ignoring_inline_asm
../LoRaWAN/App/lora_app.c:372:6:LoRaWAN_Init	32	static
../LoRaWAN/App/lora_app.c:462:6:HAL_GPIO_EXTI_Callback	40	static
../LoRaWAN/App/lora_app.c:498:13:OnRxData	56	static
../LoRaWAN/App/lora_app.c:588:13:ParseOBISFloat	88	static
../LoRaWAN/App/lora_app.c:650:13:ParseOBISUint32	88	static
../LoRaWAN/App/lora_app.c:704:13:SendTxData	56	static
../LoRaWAN/App/lora_app.c:858:13:OnTxTimerEvent	16	static
../LoRaWAN/App/lora_app.c:873:13:OnTxTimerLedEvent	16	static
../LoRaWAN/App/lora_app.c:880:13:OnRxTimerLedEvent	16	static
../LoRaWAN/App/lora_app.c:887:13:OnJoinTimerLedEvent	16	static
../LoRaWAN/App/lora_app.c:896:13:OnTxData	32	static
../LoRaWAN/App/lora_app.c:927:13:OnJoinRequest	16	static
../LoRaWAN/App/lora_app.c:965:13:OnBeaconStatusChange	96	static
../LoRaWAN/App/lora_app.c:1000:13:OnSysTimeUpdate	4	static
../LoRaWAN/App/lora_app.c:1007:13:OnClassChange	24	static
../LoRaWAN/App/lora_app.c:1014:13:OnMacProcessNotify	8	static
../LoRaWAN/App/lora_app.c:1026:13:OnTxPeriodicityChanged	16	static
../LoRaWAN/App/lora_app.c:1048:13:OnTxFrameCtrlChanged	16	static
../LoRaWAN/App/lora_app.c:1059:13:OnPingSlotPeriodicityChanged	16	static
../LoRaWAN/App/lora_app.c:1070:13:OnSystemReset	8	static
../LoRaWAN/App/lora_app.c:1084:13:StopJoin	8	static
../LoRaWAN/App/lora_app.c:1124:13:OnStopJoinTimerEvent	16	static
../LoRaWAN/App/lora_app.c:1142:13:StoreContext	16	static
../LoRaWAN/App/lora_app.c:1164:13:OnNvmDataChange	16	static
../LoRaWAN/App/lora_app.c:1182:13:OnStoreContextRequest	16	static
../LoRaWAN/App/lora_app.c:1197:13:OnRestoreContextRequest	16	static
