../Drivers/CMSIS/Include/core_cm4.h:1933:34:__NVIC_SystemReset	4	static,ignoring_inline_asm
../LoRaWAN/App/lora_app.c:372:6:LoRaWAN_Init	32	static
../LoRaWAN/App/lora_app.c:462:6:HAL_GPIO_EXTI_Callback	40	static
../LoRaWAN/App/lora_app.c:498:13:OnRxData	56	static
../LoRaWAN/App/lora_app.c:588:13:ParseOBISFloat	88	static
../LoRaWAN/App/lora_app.c:650:13:ParseOBISUint32	88	static
../LoRaWAN/App/lora_app.c:704:13:SendTxData	72	static
../LoRaWAN/App/lora_app.c:909:13:OnTxTimerEvent	16	static
../LoRaWAN/App/lora_app.c:924:13:OnTxTimerLedEvent	16	static
../LoRaWAN/App/lora_app.c:931:13:OnRxTimerLedEvent	16	static
../LoRaWAN/App/lora_app.c:938:13:OnJoinTimerLedEvent	16	static
../LoRaWAN/App/lora_app.c:947:13:OnTxData	32	static
../LoRaWAN/App/lora_app.c:978:13:OnJoinRequest	16	static
../LoRaWAN/App/lora_app.c:1016:13:OnBeaconStatusChange	96	static
../LoRaWAN/App/lora_app.c:1051:13:OnSysTimeUpdate	4	static
../LoRaWAN/App/lora_app.c:1058:13:OnClassChange	24	static
../LoRaWAN/App/lora_app.c:1065:13:OnMacProcessNotify	8	static
../LoRaWAN/App/lora_app.c:1077:13:OnTxPeriodicityChanged	16	static
../LoRaWAN/App/lora_app.c:1099:13:OnTxFrameCtrlChanged	16	static
../LoRaWAN/App/lora_app.c:1110:13:OnPingSlotPeriodicityChanged	16	static
../LoRaWAN/App/lora_app.c:1121:13:OnSystemReset	8	static
../LoRaWAN/App/lora_app.c:1135:13:StopJoin	8	static
../LoRaWAN/App/lora_app.c:1175:13:OnStopJoinTimerEvent	16	static
../LoRaWAN/App/lora_app.c:1193:13:StoreContext	16	static
../LoRaWAN/App/lora_app.c:1215:13:OnNvmDataChange	16	static
../LoRaWAN/App/lora_app.c:1233:13:OnStoreContextRequest	16	static
../LoRaWAN/App/lora_app.c:1248:13:OnRestoreContextRequest	16	static
