../Drivers/CMSIS/Include/core_cm4.h:1933:34:__NVIC_SystemReset	4	static,ignoring_inline_asm
../LoRaWAN/App/lora_app.c:299:6:LoRaWAN_Init	32	static
../LoRaWAN/App/lora_app.c:389:6:HAL_GPIO_EXTI_Callback	40	static
../LoRaWAN/App/lora_app.c:425:13:OnRxData	56	static
../LoRaWAN/App/lora_app.c:515:13:ParseOBISFloat	80	static
../LoRaWAN/App/lora_app.c:577:13:ParseOBISUint32	88	static
../LoRaWAN/App/lora_app.c:630:13:SendTxData	72	static
../LoRaWAN/App/lora_app.c:859:13:OnTxTimerEvent	16	static
../LoRaWAN/App/lora_app.c:874:13:OnTxTimerLedEvent	16	static
../LoRaWAN/App/lora_app.c:881:13:OnRxTimerLedEvent	16	static
../LoRaWAN/App/lora_app.c:888:13:OnJoinTimerLedEvent	16	static
../LoRaWAN/App/lora_app.c:897:13:OnTxData	32	static
../LoRaWAN/App/lora_app.c:928:13:OnJoinRequest	16	static
../LoRaWAN/App/lora_app.c:966:13:OnBeaconStatusChange	96	static
../LoRaWAN/App/lora_app.c:1001:13:OnSysTimeUpdate	4	static
../LoRaWAN/App/lora_app.c:1008:13:OnClassChange	24	static
../LoRaWAN/App/lora_app.c:1015:13:OnMacProcessNotify	8	static
../LoRaWAN/App/lora_app.c:1027:13:OnTxPeriodicityChanged	16	static
../LoRaWAN/App/lora_app.c:1049:13:OnTxFrameCtrlChanged	16	static
../LoRaWAN/App/lora_app.c:1060:13:OnPingSlotPeriodicityChanged	16	static
../LoRaWAN/App/lora_app.c:1071:13:OnSystemReset	8	static
../LoRaWAN/App/lora_app.c:1085:13:StopJoin	8	static
../LoRaWAN/App/lora_app.c:1125:13:OnStopJoinTimerEvent	16	static
../LoRaWAN/App/lora_app.c:1143:13:StoreContext	16	static
../LoRaWAN/App/lora_app.c:1165:13:OnNvmDataChange	16	static
../LoRaWAN/App/lora_app.c:1183:13:OnStoreContextRequest	16	static
../LoRaWAN/App/lora_app.c:1198:13:OnRestoreContextRequest	16	static
